Traceback (most recent call last):
  File "<frozen runpy>", line 198, in _run_module_as_main
  File "<frozen runpy>", line 88, in _run_code
  File "/a/mm/ab/gpt/brute/ga/meta_evolution/meta_evolver_cifar100.py", line 15, in <module>
    from ab.gpt.brute.ga.meta_evolution.llm_loader import LocalLLMLoader 
    ^^^^^^^^^^^^^^^^^^^^^^^^^^^^^^^^^^^^^^^^^^^^^^^^^^^^^^^^^^^^^^^^^^^^
  File "/a/mm/ab/gpt/brute/ga/meta_evolution/llm_loader.py", line 4, in <module>
    from peft import PeftModel, LoraConfig, get_peft_model, prepare_model_for_kbit_training
  File "/a/prg/.pyenv/versions/ve/lib/python3.12/site-packages/peft/__init__.py", line 17, in <module>
    from .auto import (
  File "/a/prg/.pyenv/versions/ve/lib/python3.12/site-packages/peft/auto.py", line 31, in <module>
    from .config import PeftConfig
  File "/a/prg/.pyenv/versions/ve/lib/python3.12/site-packages/peft/config.py", line 24, in <module>
    from .utils import CONFIG_NAME, PeftType, TaskType
  File "/a/prg/.pyenv/versions/ve/lib/python3.12/site-packages/peft/utils/__init__.py", line 17, in <module>
    from .other import (
  File "/a/prg/.pyenv/versions/ve/lib/python3.12/site-packages/peft/utils/other.py", line 34, in <module>
    from .constants import (
  File "/a/prg/.pyenv/versions/ve/lib/python3.12/site-packages/peft/utils/constants.py", line 16, in <module>
    from transformers import BloomPreTrainedModel
  File "/a/prg/.pyenv/versions/ve/lib/python3.12/site-packages/transformers/utils/import_utils.py", line 2045, in __getattr__
    module = self._get_module(self._class_to_module[name])
             ^^^^^^^^^^^^^^^^^^^^^^^^^^^^^^^^^^^^^^^^^^^^^
  File "/a/prg/.pyenv/versions/ve/lib/python3.12/site-packages/transformers/utils/import_utils.py", line 2075, in _get_module
    raise e
  File "/a/prg/.pyenv/versions/ve/lib/python3.12/site-packages/transformers/utils/import_utils.py", line 2073, in _get_module
    return importlib.import_module("." + module_name, self.__name__)
           ^^^^^^^^^^^^^^^^^^^^^^^^^^^^^^^^^^^^^^^^^^^^^^^^^^^^^^^^^
  File "/a/prg/.pyenv/versions/ve/lib/python3.12/importlib/__init__.py", line 90, in import_module
    return _bootstrap._gcd_import(name[level:], package, level)
           ^^^^^^^^^^^^^^^^^^^^^^^^^^^^^^^^^^^^^^^^^^^^^^^^^^^^
  File "/a/prg/.pyenv/versions/ve/lib/python3.12/site-packages/transformers/models/bloom/modeling_bloom.py", line 37, in <module>
    from ...modeling_utils import PreTrainedModel
  File "/a/prg/.pyenv/versions/ve/lib/python3.12/site-packages/transformers/modeling_utils.py", line 61, in <module>
    from .integrations.flash_attention import flash_attention_forward
  File "/a/prg/.pyenv/versions/ve/lib/python3.12/site-packages/transformers/integrations/flash_attention.py", line 5, in <module>
    from ..modeling_flash_attention_utils import _flash_attention_forward, flash_attn_supports_top_left_mask
  File "/a/prg/.pyenv/versions/ve/lib/python3.12/site-packages/transformers/modeling_flash_attention_utils.py", line 36, in <module>
    from flash_attn.bert_padding import index_first_axis, pad_input, unpad_input  # noqa
    ^^^^^^^^^^^^^^^^^^^^^^^^^^^^^^^^^^^^^^^^^^^^^^^^^^^^^^^^^^^^^^^^^^^^^^^^^^^^
  File "/a/prg/.pyenv/versions/ve/lib/python3.12/site-packages/flash_attn/__init__.py", line 3, in <module>
    from flash_attn.flash_attn_interface import (
  File "/a/prg/.pyenv/versions/ve/lib/python3.12/site-packages/flash_attn/flash_attn_interface.py", line 15, in <module>
    import flash_attn_2_cuda as flash_attn_gpu
ImportError: /a/prg/.pyenv/versions/ve/lib/python3.12/site-packages/flash_attn_2_cuda.cpython-312-x86_64-linux-gnu.so: undefined symbol: _ZNK3c106SymInt6sym_neERKS0_
[W711 00:52:38.923625739 AllocatorConfig.cpp:28] Warning: PYTORCH_CUDA_ALLOC_CONF is deprecated, use PYTORCH_ALLOC_CONF instead (function operator())
